// Jest Snapshot v1, https://goo.gl/fbAQLP

exports[`Render App for benchmark.test.2019-12-20_1532.results.html 1`] = `null`;

exports[`Render App for benchmark-example-true.2019-11-06_0932.results.no options.html 1`] = `null`;

exports[`Render App for big-table.diff.html 1`] = `null`;

exports[`Render App for cbmc.2015-12-11_1211.results.Simple.html 1`] = `null`;

exports[`Render App for multi-table.diff.html 1`] = `null`;

exports[`Render App for multi-table.table.html 1`] = `null`;

exports[`Render App for multi-table-only-columns.diff.html 1`] = `null`;

exports[`Render App for multi-table-only-columns.table.html 1`] = `null`;

exports[`Render App for multi-table-with-columns.diff.html 1`] = `null`;

exports[`Render App for multi-table-with-columns.table.html 1`] = `null`;

exports[`Render App for multi-table-with-diff-over-column.diff.html 1`] = `null`;

exports[`Render App for multi-table-with-diff-over-column.table.html 1`] = `null`;

exports[`Render App for multi-table-with-wildcards.diff.html 1`] = `null`;

exports[`Render App for multi-table-with-wildcards.table.html 1`] = `null`;

exports[`Render App for nan_and_inf.html 1`] = `null`;

exports[`Render App for predicateAnalysis.table.html 1`] = `null`;

exports[`Render App for predicateAnalysis-reverse.table.html 1`] = `null`;

exports[`Render App for simple-table-with-columns.table.html 1`] = `null`;

exports[`Render App for simple-table-with-links.table.html 1`] = `null`;

exports[`Render App for simple-table-with-numberOfDigits.table.html 1`] = `null`;

exports[`Render App for simple-table-with-scaling.table.html 1`] = `null`;

exports[`Render App for smt.diff.html 1`] = `null`;

exports[`Render App for smt.table.html 1`] = `null`;

exports[`Render App for test.2015-03-03_1613.diff.html 1`] = `null`;

exports[`Render App for test.2015-03-03_1613.results.predicateAnalysis.all-columns.html 1`] = `null`;

exports[`Render App for test.2015-03-03_1613.results.predicateAnalysis.correct-only.html 1`] = `null`;

exports[`Render App for test.2015-03-03_1613.results.predicateAnalysis.custom-score.html 1`] = `null`;

exports[`Render App for test.2015-03-03_1613.results.predicateAnalysis.html 1`] = `null`;

exports[`Render App for test.2015-03-03_1613.results.valueAnalysis.html 1`] = `null`;

exports[`Render App for test.2015-03-03_1613.results.valueAnalysis.table.html 1`] = `null`;

exports[`Render App for test.2015-03-03_1613.table.html 1`] = `null`;

exports[`Render App for test.2015-03-03_1613-common.diff.html 1`] = `null`;

exports[`Render App for test.2015-03-03_1613-common.table.html 1`] = `null`;

exports[`Render App for test.2015-03-03_1613-correct-only.diff.html 1`] = `null`;

exports[`Render App for test.2015-03-03_1613-correct-only.table.html 1`] = `null`;

exports[`Render App for test.2015-03-03_1613-reverse.diff.html 1`] = `null`;

exports[`Render App for test.2015-03-03_1613-reverse.table.html 1`] = `null`;

exports[`Render App for test-error.2015-03-03_1613.diff.html 1`] = `null`;

exports[`Render App for test-error.2015-03-03_1613.table.html 1`] = `null`;

exports[`Render App for union-table.diff.html 1`] = `null`;

exports[`Render App for union-table.table.html 1`] = `null`;

exports[`Render App for union-table-duplicate-results.diff.html 1`] = `null`;

exports[`Render App for union-table-duplicate-results.table.html 1`] = `null`;

exports[`Render App for union-table-mixed.diff.html 1`] = `null`;

exports[`Render App for union-table-mixed.table.html 1`] = `null`;

exports[`Render App for union-table-multiple-results.diff.html 1`] = `null`;

exports[`Render App for union-table-multiple-results.table.html 1`] = `null`;

exports[`Render App for union-table-predicateAnalysis.table.html 1`] = `null`;

exports[`Render App for union-table-valueAnalysis.table.html 1`] = `null`;
